// Jest Snapshot v1, https://goo.gl/fbAQLP

exports[`CharacterCard should render the character basic details 1`] = `
<div class="max-w-sm w-full lg:max-w-full lg:flex shadow-md hover:shadow-xl transition duration-300 ease-in transform hover:-translate-y-px rounded cursor-pointer">
  <div title="Character" class="h-48 lg:h-auto lg:w-48 flex-none bg-cover rounded-t lg:rounded-t-none lg:rounded-l text-center overflow-hidden" style="background-image: url(character.jpg);"></div>
  <div class="bg-white rounded-b lg:rounded-b-none lg:rounded-r p-4 flex flex-col flex-grow justify-between leading-normal text-left">
    <div class="mb-8">
      <div class="text-gray-900 font-bold text-xl mb-2">
        Character
        <div class="text-sm text-gray-600">
          Gender ·
          <span tid="character-card-status" class="ml-1 text-green-600">Alive</span>
          · Origin
        </div>
      </div>
      <p class="text-sm text-gray-600 flex items-center"><img src="../assets/planet.png" class="w-5 mr-1">
        Location
      </p>
      <div class="mb-3"></div> <span class="inline-block bg-gray-200 rounded-full px-3 py-1 text-sm font-semibold text-gray-700 mr-2">Human</span>
    </div>
  </div>
</div>
`;
